+++ Empty (true)
object(SDL_Rect)#1 (4) {
  ["x"]=>
  int(0)
  ["y"]=>
  int(0)
  ["w"]=>
  int(0)
  ["h"]=>
  int(0)
}
bool(true)
+++ Empty (false)
object(SDL_Rect)#2 (4) {
  ["x"]=>
  int(1)
  ["y"]=>
  int(2)
  ["w"]=>
  int(3)
  ["h"]=>
  int(4)
}
bool(false)
+++ Equal (true)
bool(true)
bool(true)
+++ Equal (false)
bool(false)
bool(false)
+++ Inter (true)
bool(true)
bool(true)
NULL
+++ Inter (false)
bool(false)
bool(false)
NULL
+++ Union
NULL
NULL
NULL
NULL
+++ InterLine
bool(true)
int(0)
int(10)
int(40)
int(30)
bool(false)
+++ EnclosePoints
string(67) "SDL_Point(20,14) SDL_Point(13,20) SDL_Point(24,20) SDL_Point(20,28)"
/usr/bin/php7.0: symbol lookup error: /data/dev/accord_display8th/adisplay/phpsdl/modules/sdl.so: undefined symbol: Z_TYPE_PP