= Create file
Segmentation fault (core dumped)

Termsig=11