= Constants
bool(true)
bool(true)
bool(true)
bool(true)
bool(true)
= Functions
bool(true)
bool(true)
bool(false)
bool(false)
= Done