= Create Palette
Segmentation fault (core dumped)

Termsig=11