= Create
Exception: Invalid size
Segmentation fault (core dumped)

Termsig=11